---
source: crates/oxyde-migrate/tests/golden_ddl.rs
expression: sql
---
CREATE TABLE "t_pk_int_auto" ( "id" INTEGER PRIMARY KEY AUTOINCREMENT, "name" VARCHAR(255) NOT NULL );

CREATE TABLE "t_pk_int_plain" ( "id" INTEGER PRIMARY KEY, "name" VARCHAR(255) NOT NULL );

CREATE TABLE "t_pk_uuid" ( "id" TEXT PRIMARY KEY, "name" VARCHAR(255) NOT NULL );

CREATE TABLE "t_pk_str" ( "code" VARCHAR(32) PRIMARY KEY, "name" VARCHAR(255) NOT NULL )
